// Jest Snapshot v1, https://goo.gl/fbAQLP

exports[`renders without crashing 1`] = `
<div
  class="App"
>
  <header
    class="App-header"
  >
    <h1>
      Who's Up Next
    </h1>
    <p>
      Keep track of your important relationships
    </p>
  </header>
</div>
`;
